// Jest Snapshot v1, https://goo.gl/fbAQLP

exports[`App Snapshot matches 1`] = ``;
