// Jest Snapshot v1, https://goo.gl/fbAQLP

exports[`DataTableRowColumns Snapshot matches 1`] = `
<div
  class="col-md-2"
>
  <p
    class="text-muted"
  >
    Name
  </p>
  <div
    class="font-w600"
  >
    Jonathan
  </div>
</div>
`;
